// Jest Snapshot v1, https://goo.gl/fbAQLP

exports[`brotli middleware response body matches snapshot when supported 1`] = `""`;

exports[`brotli middleware response headers match snapshot when supported 1`] = `
Object {
  "content-encoding": Array [
    Object {
      "key": "Content-Encoding",
      "value": "br",
    },
  ],
  "content-type": Array [
    Object {
      "key": "Content-Type",
      "value": "text/html",
    },
  ],
  "x-orig-size": Array [
    Object {
      "key": "X-Orig-Size",
      "value": "0",
    },
  ],
}
`;
